13:03:24 **** Incremental Build of configuration Debug for project ultrasonic_sensor ****
make -j8 all 
arm-none-eabi-gcc "../Core/Src/main.c" -mcpu=cortex-m3 -std=gnu11 -g3 -DDEBUG -DUSE_HAL_DRIVER -DSTM32F103xB -c -I../Core/Inc -I../Drivers/STM32F1xx_HAL_Driver/Inc/Legacy -I../Drivers/STM32F1xx_HAL_Driver/Inc -I../Drivers/CMSIS/Device/ST/STM32F1xx/Include -I../Drivers/CMSIS/Include -O0 -ffunction-sections -fdata-sections -Wall -fstack-usage -fcyclomatic-complexity -MMD -MP -MF"Core/Src/main.d" -MT"Core/Src/main.o" --specs=nano.specs -mfloat-abi=soft -mthumb -o "Core/Src/main.o"
arm-none-eabi-gcc -o "ultrasonic_sensor.elf" @"objects.list"   -mcpu=cortex-m3 -T"D:\STMBluePill\ultrasonic_sensor\STM32F103C8TX_FLASH.ld" --specs=nosys.specs -Wl,-Map="ultrasonic_sensor.map" -Wl,--gc-sections -static --specs=nano.specs -mfloat-abi=soft -mthumb -Wl,--start-group -lc -lm -Wl,--end-group
Finished building target: ultrasonic_sensor.elf
 
arm-none-eabi-size  ultrasonic_sensor.elf 
arm-none-eabi-objdump -h -S ultrasonic_sensor.elf  > "ultrasonic_sensor.list"
   text	   data	    bss	    dec	    hex	filename
  12476	    104	   2056	  14636	   392c	ultrasonic_sensor.elf
Finished building: default.size.stdout
 
Finished building: ultrasonic_sensor.list
 

13:03:25 Build Finished. 0 errors, 0 warnings. (took 1s.229ms)

